Assuming unrestricted shared filesystem usage.
None
host: UWO-CBS-Heavy11
Building DAG of jobs...
Your conda installation is not configured to use strict channel priorities. This is however important for having robust and correct environments (for details, see https://conda-forge.org/docs/user/tipsandtricks.html). Please consider to configure strict priorities by executing 'conda config --set channel_priority strict'.
Using shell: /usr/bin/bash
Provided cores: 2
Rules claiming more threads will be scaled down.
Job stats:
job             count
------------  -------
all                 1
nnlm_to_fcsv        5
run_nnlm            2
stereotaxy         26
total              34

Select jobs to execute...
Execute 2 jobs...
[Thu Aug  6 12:57:52 2026]
localrule stereotaxy:
    input: sub-P292/ses-preop/afids-cnn/sub-P292_ses-preop_acq-ax_run-01_desc-afidscnn-nnlm_afids.fcsv
    output: sub-P292/ses-preop/stereotaxy/sub-P292_ses-preop_acq-ax_run-01_desc-cZI_native.fcsv, sub-P292/ses-preop/stereotaxy/sub-P292_ses-preop_acq-ax_run-01_desc-cZI_mcp.fcsv, work/sub-P292/ses-preop/ACPCtransforms/sub-P292_ses-preop_acq-ax_run-01_desc-transform_ACPC.txt
    jobid: 146
    reason: Missing output files: sub-P292/ses-preop/stereotaxy/sub-P292_ses-preop_acq-ax_run-01_desc-cZI_native.fcsv
    wildcards: subject=P292, session=preop, acq=ax, run=01
    resources: tmpdir=/localscratch/tmp
[Thu Aug  6 12:57:52 2026]
localrule stereotaxy:
    input: sub-P193/ses-preop/afids-cnn/sub-P193_ses-preop_acq-ax_run-01_desc-afidscnn-nnlm_afids.fcsv
    output: sub-P193/ses-preop/stereotaxy/sub-P193_ses-preop_acq-ax_run-01_desc-cZI_native.fcsv, sub-P193/ses-preop/stereotaxy/sub-P193_ses-preop_acq-ax_run-01_desc-cZI_mcp.fcsv, work/sub-P193/ses-preop/ACPCtransforms/sub-P193_ses-preop_acq-ax_run-01_desc-transform_ACPC.txt
    jobid: 136
    reason: Missing output files: sub-P193/ses-preop/stereotaxy/sub-P193_ses-preop_acq-ax_run-01_desc-cZI_native.fcsv
    wildcards: subject=P193, session=preop, acq=ax, run=01
    resources: tmpdir=/localscratch/tmp
Activating conda environment: ../../../../localscratch/.cache/autoafids/conda/7e9941e9acc1503fed10fd844ea3118b_
Activating conda environment: ../../../../localscratch/.cache/autoafids/conda/7e9941e9acc1503fed10fd844ea3118b_
Activating conda environment: ../../../../localscratch/.cache/autoafids/conda/7e9941e9acc1503fed10fd844ea3118b_
Activating conda environment: ../../../../localscratch/.cache/autoafids/conda/7e9941e9acc1503fed10fd844ea3118b_
Select jobs to execute...
RuleException:
CalledProcessError in file "/local/scratch/autoafids/autoafids/workflow/rules/stereotaxy.smk", line 54:
Command 'source /local/scratch/autoafids/.pixi/envs/default/bin/activate '/localscratch/.cache/autoafids/conda/7e9941e9acc1503fed10fd844ea3118b_'; set -euo pipefail;  python /local/scratch/autoafids/patient_nnlm_outputs/.snakemake/scripts/tmpb4mpbwjc.stereotaxy.py' returned non-zero exit status 1.
[Thu Aug  6 12:57:54 2026]
Error in rule stereotaxy:
    message: None
    jobid: 136
    input: sub-P193/ses-preop/afids-cnn/sub-P193_ses-preop_acq-ax_run-01_desc-afidscnn-nnlm_afids.fcsv
    output: sub-P193/ses-preop/stereotaxy/sub-P193_ses-preop_acq-ax_run-01_desc-cZI_native.fcsv, sub-P193/ses-preop/stereotaxy/sub-P193_ses-preop_acq-ax_run-01_desc-cZI_mcp.fcsv, work/sub-P193/ses-preop/ACPCtransforms/sub-P193_ses-preop_acq-ax_run-01_desc-transform_ACPC.txt
    conda-env: /localscratch/.cache/autoafids/conda/7e9941e9acc1503fed10fd844ea3118b_
RuleException:
CalledProcessError in file "/local/scratch/autoafids/autoafids/workflow/rules/stereotaxy.smk", line 54:
Command 'source /local/scratch/autoafids/.pixi/envs/default/bin/activate '/localscratch/.cache/autoafids/conda/7e9941e9acc1503fed10fd844ea3118b_'; set -euo pipefail;  python /local/scratch/autoafids/patient_nnlm_outputs/.snakemake/scripts/tmpkx5dpeje.stereotaxy.py' returned non-zero exit status 1.
[Thu Aug  6 12:57:54 2026]
Error in rule stereotaxy:
    message: None
    jobid: 146
    input: sub-P292/ses-preop/afids-cnn/sub-P292_ses-preop_acq-ax_run-01_desc-afidscnn-nnlm_afids.fcsv
    output: sub-P292/ses-preop/stereotaxy/sub-P292_ses-preop_acq-ax_run-01_desc-cZI_native.fcsv, sub-P292/ses-preop/stereotaxy/sub-P292_ses-preop_acq-ax_run-01_desc-cZI_mcp.fcsv, work/sub-P292/ses-preop/ACPCtransforms/sub-P292_ses-preop_acq-ax_run-01_desc-transform_ACPC.txt
    conda-env: /localscratch/.cache/autoafids/conda/7e9941e9acc1503fed10fd844ea3118b_
Removing output files of failed job stereotaxy since they might be corrupted:
work/sub-P193/ses-preop/ACPCtransforms/sub-P193_ses-preop_acq-ax_run-01_desc-transform_ACPC.txt
Removing output files of failed job stereotaxy since they might be corrupted:
work/sub-P292/ses-preop/ACPCtransforms/sub-P292_ses-preop_acq-ax_run-01_desc-transform_ACPC.txt
Shutting down, this might take some time.
Exiting because a job execution failed. Look below for error messages
[Thu Aug  6 12:57:54 2026]
Error in rule stereotaxy:
    message: None
    jobid: 146
    input: sub-P292/ses-preop/afids-cnn/sub-P292_ses-preop_acq-ax_run-01_desc-afidscnn-nnlm_afids.fcsv
    output: sub-P292/ses-preop/stereotaxy/sub-P292_ses-preop_acq-ax_run-01_desc-cZI_native.fcsv, sub-P292/ses-preop/stereotaxy/sub-P292_ses-preop_acq-ax_run-01_desc-cZI_mcp.fcsv, work/sub-P292/ses-preop/ACPCtransforms/sub-P292_ses-preop_acq-ax_run-01_desc-transform_ACPC.txt
    conda-env: /localscratch/.cache/autoafids/conda/7e9941e9acc1503fed10fd844ea3118b_
[Thu Aug  6 12:57:54 2026]
Error in rule stereotaxy:
    message: None
    jobid: 136
    input: sub-P193/ses-preop/afids-cnn/sub-P193_ses-preop_acq-ax_run-01_desc-afidscnn-nnlm_afids.fcsv
    output: sub-P193/ses-preop/stereotaxy/sub-P193_ses-preop_acq-ax_run-01_desc-cZI_native.fcsv, sub-P193/ses-preop/stereotaxy/sub-P193_ses-preop_acq-ax_run-01_desc-cZI_mcp.fcsv, work/sub-P193/ses-preop/ACPCtransforms/sub-P193_ses-preop_acq-ax_run-01_desc-transform_ACPC.txt
    conda-env: /localscratch/.cache/autoafids/conda/7e9941e9acc1503fed10fd844ea3118b_
Complete log(s): /local/scratch/autoafids/patient_nnlm_outputs/.snakemake/log/2026-08-06T125750.399000.snakemake.log
WorkflowError:
At least one job did not complete successfully.
