Assuming unrestricted shared filesystem usage.
None
host: UWO-CBS-Heavy11
Building DAG of jobs...
Your conda installation is not configured to use strict channel priorities. This is however important for having robust and correct environments (for details, see https://conda-forge.org/docs/user/tipsandtricks.html). Please consider to configure strict priorities by executing 'conda config --set channel_priority strict'.
Using shell: /usr/bin/bash
Provided cores: 12
Rules claiming more threads will be scaled down.
Job stats:
job             count
------------  -------
all                 1
nnlm_to_fcsv       14
run_nnlm            2
stereotaxy         26
total              43

Select jobs to execute...
Execute 12 jobs...
[Thu Aug  6 12:55:48 2026]
localrule stereotaxy:
    input: sub-P328/ses-preop/afids-cnn/sub-P328_ses-preop_acq-ax_run-01_desc-afidscnn-nnlm_afids.fcsv
    output: sub-P328/ses-preop/stereotaxy/sub-P328_ses-preop_acq-ax_run-01_desc-cZI_native.fcsv, sub-P328/ses-preop/stereotaxy/sub-P328_ses-preop_acq-ax_run-01_desc-cZI_mcp.fcsv, work/sub-P328/ses-preop/ACPCtransforms/sub-P328_ses-preop_acq-ax_run-01_desc-transform_ACPC.txt
    jobid: 149
    reason: Missing output files: sub-P328/ses-preop/stereotaxy/sub-P328_ses-preop_acq-ax_run-01_desc-cZI_native.fcsv
    wildcards: subject=P328, session=preop, acq=ax, run=01
    resources: tmpdir=/localscratch/tmp
[Thu Aug  6 12:55:48 2026]
localrule stereotaxy:
    input: sub-P293/ses-preop/afids-cnn/sub-P293_ses-preop_acq-ax_run-01_desc-afidscnn-nnlm_afids.fcsv
    output: sub-P293/ses-preop/stereotaxy/sub-P293_ses-preop_acq-ax_run-01_desc-cZI_native.fcsv, sub-P293/ses-preop/stereotaxy/sub-P293_ses-preop_acq-ax_run-01_desc-cZI_mcp.fcsv, work/sub-P293/ses-preop/ACPCtransforms/sub-P293_ses-preop_acq-ax_run-01_desc-transform_ACPC.txt
    jobid: 147
    reason: Missing output files: sub-P293/ses-preop/stereotaxy/sub-P293_ses-preop_acq-ax_run-01_desc-cZI_native.fcsv
    wildcards: subject=P293, session=preop, acq=ax, run=01
    resources: tmpdir=/localscratch/tmp
[Thu Aug  6 12:55:48 2026]
localrule nnlm_to_fcsv:
    input: work/sub-P256/ses-preop/afids-nnlm/sub-P256_ses-preop_acq-ax_run-01_coords.json, work/sub-P256/ses-preop/resample/sub-P256_ses-preop_acq-ax_run-01_res-100_desc-zscore_T1w.nii.gz
    output: sub-P256/ses-preop/afids-cnn/sub-P256_ses-preop_acq-ax_run-01_desc-afidscnn-nnlm_afids.fcsv
    jobid: 52
    reason: Missing output files: sub-P256/ses-preop/afids-cnn/sub-P256_ses-preop_acq-ax_run-01_desc-afidscnn-nnlm_afids.fcsv
    wildcards: subject=P256, session=preop, acq=ax, run=01
    resources: tmpdir=/localscratch/tmp
[Thu Aug  6 12:55:48 2026]
localrule stereotaxy:
    input: sub-P202/ses-preop/afids-cnn/sub-P202_ses-preop_acq-ax_run-01_desc-afidscnn-nnlm_afids.fcsv
    output: sub-P202/ses-preop/stereotaxy/sub-P202_ses-preop_acq-ax_run-01_desc-cZI_native.fcsv, sub-P202/ses-preop/stereotaxy/sub-P202_ses-preop_acq-ax_run-01_desc-cZI_mcp.fcsv, work/sub-P202/ses-preop/ACPCtransforms/sub-P202_ses-preop_acq-ax_run-01_desc-transform_ACPC.txt
    jobid: 137
    reason: Missing output files: sub-P202/ses-preop/stereotaxy/sub-P202_ses-preop_acq-ax_run-01_desc-cZI_native.fcsv
    wildcards: subject=P202, session=preop, acq=ax, run=01
    resources: tmpdir=/localscratch/tmp
[Thu Aug  6 12:55:48 2026]
localrule nnlm_to_fcsv:
    input: work/sub-P213/ses-preop/afids-nnlm/sub-P213_ses-preop_acq-ax_run-01_coords.json, work/sub-P213/ses-preop/resample/sub-P213_ses-preop_acq-ax_run-01_res-100_desc-zscore_T1w.nii.gz
    output: sub-P213/ses-preop/afids-cnn/sub-P213_ses-preop_acq-ax_run-01_desc-afidscnn-nnlm_afids.fcsv
    jobid: 37
    reason: Missing output files: sub-P213/ses-preop/afids-cnn/sub-P213_ses-preop_acq-ax_run-01_desc-afidscnn-nnlm_afids.fcsv
    wildcards: subject=P213, session=preop, acq=ax, run=01
    resources: tmpdir=/localscratch/tmp
[Thu Aug  6 12:55:48 2026]
localrule nnlm_to_fcsv:
    input: work/sub-P175/ses-preop/afids-nnlm/sub-P175_ses-preop_acq-ax_run-01_coords.json, work/sub-P175/ses-preop/resample/sub-P175_ses-preop_acq-ax_run-01_res-100_desc-zscore_T1w.nii.gz
    output: sub-P175/ses-preop/afids-cnn/sub-P175_ses-preop_acq-ax_run-01_desc-afidscnn-nnlm_afids.fcsv
    jobid: 12
    reason: Missing output files: sub-P175/ses-preop/afids-cnn/sub-P175_ses-preop_acq-ax_run-01_desc-afidscnn-nnlm_afids.fcsv
    wildcards: subject=P175, session=preop, acq=ax, run=01
    resources: tmpdir=/localscratch/tmp
[Thu Aug  6 12:55:48 2026]
localrule stereotaxy:
    input: sub-P374/ses-preop/afids-cnn/sub-P374_ses-preop_acq-ax_run-01_desc-afidscnn-nnlm_afids.fcsv
    output: sub-P374/ses-preop/stereotaxy/sub-P374_ses-preop_acq-ax_run-01_desc-cZI_native.fcsv, sub-P374/ses-preop/stereotaxy/sub-P374_ses-preop_acq-ax_run-01_desc-cZI_mcp.fcsv, work/sub-P374/ses-preop/ACPCtransforms/sub-P374_ses-preop_acq-ax_run-01_desc-transform_ACPC.txt
    jobid: 157
    reason: Missing output files: sub-P374/ses-preop/stereotaxy/sub-P374_ses-preop_acq-ax_run-01_desc-cZI_native.fcsv
    wildcards: subject=P374, session=preop, acq=ax, run=01
    resources: tmpdir=/localscratch/tmp
[Thu Aug  6 12:55:48 2026]
localrule nnlm_to_fcsv:
    input: work/sub-P292/ses-preop/afids-nnlm/sub-P292_ses-preop_acq-ax_run-01_coords.json, work/sub-P292/ses-preop/resample/sub-P292_ses-preop_acq-ax_run-01_res-100_desc-zscore_T1w.nii.gz
    output: sub-P292/ses-preop/afids-cnn/sub-P292_ses-preop_acq-ax_run-01_desc-afidscnn-nnlm_afids.fcsv
    jobid: 72
    reason: Missing output files: sub-P292/ses-preop/afids-cnn/sub-P292_ses-preop_acq-ax_run-01_desc-afidscnn-nnlm_afids.fcsv
    wildcards: subject=P292, session=preop, acq=ax, run=01
    resources: tmpdir=/localscratch/tmp
[Thu Aug  6 12:55:48 2026]
localrule stereotaxy:
    input: sub-P289/ses-preop/afids-cnn/sub-P289_ses-preop_acq-ax_run-01_desc-afidscnn-nnlm_afids.fcsv
    output: sub-P289/ses-preop/stereotaxy/sub-P289_ses-preop_acq-ax_run-01_desc-cZI_native.fcsv, sub-P289/ses-preop/stereotaxy/sub-P289_ses-preop_acq-ax_run-01_desc-cZI_mcp.fcsv, work/sub-P289/ses-preop/ACPCtransforms/sub-P289_ses-preop_acq-ax_run-01_desc-transform_ACPC.txt
    jobid: 145
    reason: Missing output files: sub-P289/ses-preop/stereotaxy/sub-P289_ses-preop_acq-ax_run-01_desc-cZI_native.fcsv
    wildcards: subject=P289, session=preop, acq=ax, run=01
    resources: tmpdir=/localscratch/tmp
[Thu Aug  6 12:55:48 2026]
localrule nnlm_to_fcsv:
    input: work/sub-P205/ses-preop/afids-nnlm/sub-P205_ses-preop_acq-ax_run-01_coords.json, work/sub-P205/ses-preop/resample/sub-P205_ses-preop_acq-ax_run-01_res-100_desc-zscore_T1w.nii.gz
    output: sub-P205/ses-preop/afids-cnn/sub-P205_ses-preop_acq-ax_run-01_desc-afidscnn-nnlm_afids.fcsv
    jobid: 32
    reason: Missing output files: sub-P205/ses-preop/afids-cnn/sub-P205_ses-preop_acq-ax_run-01_desc-afidscnn-nnlm_afids.fcsv
    wildcards: subject=P205, session=preop, acq=ax, run=01
    resources: tmpdir=/localscratch/tmp
[Thu Aug  6 12:55:48 2026]
localrule nnlm_to_fcsv:
    input: work/sub-P167/ses-preop/afids-nnlm/sub-P167_ses-preop_acq-ax_run-01_coords.json, work/sub-P167/ses-preop/resample/sub-P167_ses-preop_acq-ax_run-01_res-100_desc-zscore_T1w.nii.gz
    output: sub-P167/ses-preop/afids-cnn/sub-P167_ses-preop_acq-ax_run-01_desc-afidscnn-nnlm_afids.fcsv
    jobid: 7
    reason: Missing output files: sub-P167/ses-preop/afids-cnn/sub-P167_ses-preop_acq-ax_run-01_desc-afidscnn-nnlm_afids.fcsv
    wildcards: subject=P167, session=preop, acq=ax, run=01
    resources: tmpdir=/localscratch/tmp
[Thu Aug  6 12:55:48 2026]
localrule stereotaxy:
    input: sub-P359/ses-preop/afids-cnn/sub-P359_ses-preop_acq-ax_run-01_desc-afidscnn-nnlm_afids.fcsv
    output: sub-P359/ses-preop/stereotaxy/sub-P359_ses-preop_acq-ax_run-01_desc-cZI_native.fcsv, sub-P359/ses-preop/stereotaxy/sub-P359_ses-preop_acq-ax_run-01_desc-cZI_mcp.fcsv, work/sub-P359/ses-preop/ACPCtransforms/sub-P359_ses-preop_acq-ax_run-01_desc-transform_ACPC.txt
    jobid: 154
    reason: Missing output files: sub-P359/ses-preop/stereotaxy/sub-P359_ses-preop_acq-ax_run-01_desc-cZI_native.fcsv
    wildcards: subject=P359, session=preop, acq=ax, run=01
    resources: tmpdir=/localscratch/tmp
Activating conda environment: ../../../../localscratch/.cache/autoafids/conda/7e9941e9acc1503fed10fd844ea3118b_
Activating conda environment: ../../../../localscratch/.cache/autoafids/conda/7e9941e9acc1503fed10fd844ea3118b_
Activating conda environment: ../../../../localscratch/.cache/autoafids/conda/9b0ebefefdaf8f4c3064162c9af16ee6_
Activating conda environment: ../../../../localscratch/.cache/autoafids/conda/9b0ebefefdaf8f4c3064162c9af16ee6_
Activating conda environment: ../../../../localscratch/.cache/autoafids/conda/9b0ebefefdaf8f4c3064162c9af16ee6_
Activating conda environment: ../../../../localscratch/.cache/autoafids/conda/7e9941e9acc1503fed10fd844ea3118b_
Activating conda environment: ../../../../localscratch/.cache/autoafids/conda/7e9941e9acc1503fed10fd844ea3118b_
Activating conda environment: ../../../../localscratch/.cache/autoafids/conda/7e9941e9acc1503fed10fd844ea3118b_
Activating conda environment: ../../../../localscratch/.cache/autoafids/conda/7e9941e9acc1503fed10fd844ea3118b_
Activating conda environment: ../../../../localscratch/.cache/autoafids/conda/9b0ebefefdaf8f4c3064162c9af16ee6_
Activating conda environment: ../../../../localscratch/.cache/autoafids/conda/9b0ebefefdaf8f4c3064162c9af16ee6_
Activating conda environment: ../../../../localscratch/.cache/autoafids/conda/9b0ebefefdaf8f4c3064162c9af16ee6_
Activating conda environment: ../../../../localscratch/.cache/autoafids/conda/9b0ebefefdaf8f4c3064162c9af16ee6_
Activating conda environment: ../../../../localscratch/.cache/autoafids/conda/7e9941e9acc1503fed10fd844ea3118b_
Activating conda environment: ../../../../localscratch/.cache/autoafids/conda/7e9941e9acc1503fed10fd844ea3118b_
Activating conda environment: ../../../../localscratch/.cache/autoafids/conda/9b0ebefefdaf8f4c3064162c9af16ee6_
Activating conda environment: ../../../../localscratch/.cache/autoafids/conda/7e9941e9acc1503fed10fd844ea3118b_
Activating conda environment: ../../../../localscratch/.cache/autoafids/conda/9b0ebefefdaf8f4c3064162c9af16ee6_
Activating conda environment: ../../../../localscratch/.cache/autoafids/conda/7e9941e9acc1503fed10fd844ea3118b_
Activating conda environment: ../../../../localscratch/.cache/autoafids/conda/7e9941e9acc1503fed10fd844ea3118b_
Activating conda environment: ../../../../localscratch/.cache/autoafids/conda/9b0ebefefdaf8f4c3064162c9af16ee6_
Activating conda environment: ../../../../localscratch/.cache/autoafids/conda/7e9941e9acc1503fed10fd844ea3118b_
Activating conda environment: ../../../../localscratch/.cache/autoafids/conda/9b0ebefefdaf8f4c3064162c9af16ee6_
Activating conda environment: ../../../../localscratch/.cache/autoafids/conda/9b0ebefefdaf8f4c3064162c9af16ee6_
Select jobs to execute...
[Thu Aug  6 12:55:50 2026]
Finished jobid: 72 (Rule: nnlm_to_fcsv)
1 of 43 steps (2%) done
Execute 1 jobs...
[Thu Aug  6 12:55:50 2026]
localrule stereotaxy:
    input: sub-P277/ses-preop/afids-cnn/sub-P277_ses-preop_acq-ax_run-01_desc-afidscnn-nnlm_afids.fcsv
    output: sub-P277/ses-preop/stereotaxy/sub-P277_ses-preop_acq-ax_run-01_desc-cZI_native.fcsv, sub-P277/ses-preop/stereotaxy/sub-P277_ses-preop_acq-ax_run-01_desc-cZI_mcp.fcsv, work/sub-P277/ses-preop/ACPCtransforms/sub-P277_ses-preop_acq-ax_run-01_desc-transform_ACPC.txt
    jobid: 143
    reason: Missing output files: sub-P277/ses-preop/stereotaxy/sub-P277_ses-preop_acq-ax_run-01_desc-cZI_native.fcsv
    wildcards: subject=P277, session=preop, acq=ax, run=01
    resources: tmpdir=/localscratch/tmp
Activating conda environment: ../../../../localscratch/.cache/autoafids/conda/7e9941e9acc1503fed10fd844ea3118b_
[Thu Aug  6 12:55:50 2026]
Finished jobid: 12 (Rule: nnlm_to_fcsv)
2 of 43 steps (5%) done
Select jobs to execute...
Execute 1 jobs...
[Thu Aug  6 12:55:50 2026]
localrule nnlm_to_fcsv:
    input: work/sub-P355/ses-preop/afids-nnlm/sub-P355_ses-preop_acq-ax_run-01_coords.json, work/sub-P355/ses-preop/resample/sub-P355_ses-preop_acq-ax_run-01_res-100_desc-zscore_T1w.nii.gz
    output: sub-P355/ses-preop/afids-cnn/sub-P355_ses-preop_acq-ax_run-01_desc-afidscnn-nnlm_afids.fcsv
    jobid: 107
    reason: Missing output files: sub-P355/ses-preop/afids-cnn/sub-P355_ses-preop_acq-ax_run-01_desc-afidscnn-nnlm_afids.fcsv
    wildcards: subject=P355, session=preop, acq=ax, run=01
    resources: tmpdir=/localscratch/tmp
Activating conda environment: ../../../../localscratch/.cache/autoafids/conda/9b0ebefefdaf8f4c3064162c9af16ee6_
[Thu Aug  6 12:55:50 2026]
Finished jobid: 32 (Rule: nnlm_to_fcsv)
3 of 43 steps (7%) done
Select jobs to execute...
Execute 1 jobs...
[Thu Aug  6 12:55:50 2026]
localrule stereotaxy:
    input: sub-P350/ses-preop/afids-cnn/sub-P350_ses-preop_acq-ax_run-01_desc-afidscnn-nnlm_afids.fcsv
    output: sub-P350/ses-preop/stereotaxy/sub-P350_ses-preop_acq-ax_run-01_desc-cZI_native.fcsv, sub-P350/ses-preop/stereotaxy/sub-P350_ses-preop_acq-ax_run-01_desc-cZI_mcp.fcsv, work/sub-P350/ses-preop/ACPCtransforms/sub-P350_ses-preop_acq-ax_run-01_desc-transform_ACPC.txt
    jobid: 150
    reason: Missing output files: sub-P350/ses-preop/stereotaxy/sub-P350_ses-preop_acq-ax_run-01_desc-cZI_native.fcsv
    wildcards: subject=P350, session=preop, acq=ax, run=01
    resources: tmpdir=/localscratch/tmp
Activating conda environment: ../../../../localscratch/.cache/autoafids/conda/7e9941e9acc1503fed10fd844ea3118b_
[Thu Aug  6 12:55:50 2026]
Finished jobid: 7 (Rule: nnlm_to_fcsv)
4 of 43 steps (9%) done
[Thu Aug  6 12:55:50 2026]
Finished jobid: 52 (Rule: nnlm_to_fcsv)
5 of 43 steps (12%) done
[Thu Aug  6 12:55:50 2026]
Finished jobid: 37 (Rule: nnlm_to_fcsv)
6 of 43 steps (14%) done
Select jobs to execute...
RuleException:
CalledProcessError in file "/local/scratch/autoafids/autoafids/workflow/rules/stereotaxy.smk", line 54:
Command 'source /local/scratch/autoafids/.pixi/envs/default/bin/activate '/localscratch/.cache/autoafids/conda/7e9941e9acc1503fed10fd844ea3118b_'; set -euo pipefail;  python /local/scratch/autoafids/patient_nnlm_outputs/.snakemake/scripts/tmp1nsyugi3.stereotaxy.py' returned non-zero exit status 1.
[Thu Aug  6 12:55:50 2026]
Error in rule stereotaxy:
    message: None
    jobid: 149
    input: sub-P328/ses-preop/afids-cnn/sub-P328_ses-preop_acq-ax_run-01_desc-afidscnn-nnlm_afids.fcsv
    output: sub-P328/ses-preop/stereotaxy/sub-P328_ses-preop_acq-ax_run-01_desc-cZI_native.fcsv, sub-P328/ses-preop/stereotaxy/sub-P328_ses-preop_acq-ax_run-01_desc-cZI_mcp.fcsv, work/sub-P328/ses-preop/ACPCtransforms/sub-P328_ses-preop_acq-ax_run-01_desc-transform_ACPC.txt
    conda-env: /localscratch/.cache/autoafids/conda/7e9941e9acc1503fed10fd844ea3118b_
Execute 3 jobs...
[Thu Aug  6 12:55:50 2026]
localrule stereotaxy:
    input: sub-P221/ses-preop/afids-cnn/sub-P221_ses-preop_acq-ax_run-01_desc-afidscnn-nnlm_afids.fcsv
    output: sub-P221/ses-preop/stereotaxy/sub-P221_ses-preop_acq-ax_run-01_desc-cZI_native.fcsv, sub-P221/ses-preop/stereotaxy/sub-P221_ses-preop_acq-ax_run-01_desc-cZI_mcp.fcsv, work/sub-P221/ses-preop/ACPCtransforms/sub-P221_ses-preop_acq-ax_run-01_desc-transform_ACPC.txt
    jobid: 141
    reason: Missing output files: sub-P221/ses-preop/stereotaxy/sub-P221_ses-preop_acq-ax_run-01_desc-cZI_native.fcsv
    wildcards: subject=P221, session=preop, acq=ax, run=01
    resources: tmpdir=/localscratch/tmp
Activating conda environment: ../../../../localscratch/.cache/autoafids/conda/7e9941e9acc1503fed10fd844ea3118b_
[Thu Aug  6 12:55:50 2026]
localrule stereotaxy:
    input: sub-P213/ses-preop/afids-cnn/sub-P213_ses-preop_acq-ax_run-01_desc-afidscnn-nnlm_afids.fcsv
    output: sub-P213/ses-preop/stereotaxy/sub-P213_ses-preop_acq-ax_run-01_desc-cZI_native.fcsv, sub-P213/ses-preop/stereotaxy/sub-P213_ses-preop_acq-ax_run-01_desc-cZI_mcp.fcsv, work/sub-P213/ses-preop/ACPCtransforms/sub-P213_ses-preop_acq-ax_run-01_desc-transform_ACPC.txt
    jobid: 139
    reason: Missing output files: sub-P213/ses-preop/stereotaxy/sub-P213_ses-preop_acq-ax_run-01_desc-cZI_native.fcsv; Input files updated by another job: sub-P213/ses-preop/afids-cnn/sub-P213_ses-preop_acq-ax_run-01_desc-afidscnn-nnlm_afids.fcsv
    wildcards: subject=P213, session=preop, acq=ax, run=01
    resources: tmpdir=/localscratch/tmp
Activating conda environment: ../../../../localscratch/.cache/autoafids/conda/7e9941e9acc1503fed10fd844ea3118b_
[Thu Aug  6 12:55:50 2026]
localrule nnlm_to_fcsv:
    input: work/sub-P214/ses-preop/afids-nnlm/sub-P214_ses-preop_acq-ax_run-01_coords.json, work/sub-P214/ses-preop/resample/sub-P214_ses-preop_acq-ax_run-01_res-100_desc-zscore_T1w.nii.gz
    output: sub-P214/ses-preop/afids-cnn/sub-P214_ses-preop_acq-ax_run-01_desc-afidscnn-nnlm_afids.fcsv
    jobid: 42
    reason: Missing output files: sub-P214/ses-preop/afids-cnn/sub-P214_ses-preop_acq-ax_run-01_desc-afidscnn-nnlm_afids.fcsv
    wildcards: subject=P214, session=preop, acq=ax, run=01
    resources: tmpdir=/localscratch/tmp
Activating conda environment: ../../../../localscratch/.cache/autoafids/conda/9b0ebefefdaf8f4c3064162c9af16ee6_
Removing output files of failed job stereotaxy since they might be corrupted:
work/sub-P328/ses-preop/ACPCtransforms/sub-P328_ses-preop_acq-ax_run-01_desc-transform_ACPC.txt
RuleException:
CalledProcessError in file "/local/scratch/autoafids/autoafids/workflow/rules/stereotaxy.smk", line 54:
Command 'source /local/scratch/autoafids/.pixi/envs/default/bin/activate '/localscratch/.cache/autoafids/conda/7e9941e9acc1503fed10fd844ea3118b_'; set -euo pipefail;  python /local/scratch/autoafids/patient_nnlm_outputs/.snakemake/scripts/tmpibfx83as.stereotaxy.py' returned non-zero exit status 1.
[Thu Aug  6 12:55:50 2026]
Error in rule stereotaxy:
    message: None
    jobid: 154
    input: sub-P359/ses-preop/afids-cnn/sub-P359_ses-preop_acq-ax_run-01_desc-afidscnn-nnlm_afids.fcsv
    output: sub-P359/ses-preop/stereotaxy/sub-P359_ses-preop_acq-ax_run-01_desc-cZI_native.fcsv, sub-P359/ses-preop/stereotaxy/sub-P359_ses-preop_acq-ax_run-01_desc-cZI_mcp.fcsv, work/sub-P359/ses-preop/ACPCtransforms/sub-P359_ses-preop_acq-ax_run-01_desc-transform_ACPC.txt
    conda-env: /localscratch/.cache/autoafids/conda/7e9941e9acc1503fed10fd844ea3118b_
Removing output files of failed job stereotaxy since they might be corrupted:
work/sub-P359/ses-preop/ACPCtransforms/sub-P359_ses-preop_acq-ax_run-01_desc-transform_ACPC.txt
RuleException:
CalledProcessError in file "/local/scratch/autoafids/autoafids/workflow/rules/stereotaxy.smk", line 54:
Command 'source /local/scratch/autoafids/.pixi/envs/default/bin/activate '/localscratch/.cache/autoafids/conda/7e9941e9acc1503fed10fd844ea3118b_'; set -euo pipefail;  python /local/scratch/autoafids/patient_nnlm_outputs/.snakemake/scripts/tmpp5wnvut9.stereotaxy.py' returned non-zero exit status 1.
[Thu Aug  6 12:55:50 2026]
Error in rule stereotaxy:
    message: None
    jobid: 157
    input: sub-P374/ses-preop/afids-cnn/sub-P374_ses-preop_acq-ax_run-01_desc-afidscnn-nnlm_afids.fcsv
    output: sub-P374/ses-preop/stereotaxy/sub-P374_ses-preop_acq-ax_run-01_desc-cZI_native.fcsv, sub-P374/ses-preop/stereotaxy/sub-P374_ses-preop_acq-ax_run-01_desc-cZI_mcp.fcsv, work/sub-P374/ses-preop/ACPCtransforms/sub-P374_ses-preop_acq-ax_run-01_desc-transform_ACPC.txt
    conda-env: /localscratch/.cache/autoafids/conda/7e9941e9acc1503fed10fd844ea3118b_
Removing output files of failed job stereotaxy since they might be corrupted:
work/sub-P374/ses-preop/ACPCtransforms/sub-P374_ses-preop_acq-ax_run-01_desc-transform_ACPC.txt
RuleException:
CalledProcessError in file "/local/scratch/autoafids/autoafids/workflow/rules/stereotaxy.smk", line 54:
Command 'source /local/scratch/autoafids/.pixi/envs/default/bin/activate '/localscratch/.cache/autoafids/conda/7e9941e9acc1503fed10fd844ea3118b_'; set -euo pipefail;  python /local/scratch/autoafids/patient_nnlm_outputs/.snakemake/scripts/tmpcepo_l9g.stereotaxy.py' returned non-zero exit status 1.
[Thu Aug  6 12:55:50 2026]
Error in rule stereotaxy:
    message: None
    jobid: 137
    input: sub-P202/ses-preop/afids-cnn/sub-P202_ses-preop_acq-ax_run-01_desc-afidscnn-nnlm_afids.fcsv
    output: sub-P202/ses-preop/stereotaxy/sub-P202_ses-preop_acq-ax_run-01_desc-cZI_native.fcsv, sub-P202/ses-preop/stereotaxy/sub-P202_ses-preop_acq-ax_run-01_desc-cZI_mcp.fcsv, work/sub-P202/ses-preop/ACPCtransforms/sub-P202_ses-preop_acq-ax_run-01_desc-transform_ACPC.txt
    conda-env: /localscratch/.cache/autoafids/conda/7e9941e9acc1503fed10fd844ea3118b_
Removing output files of failed job stereotaxy since they might be corrupted:
work/sub-P202/ses-preop/ACPCtransforms/sub-P202_ses-preop_acq-ax_run-01_desc-transform_ACPC.txt
RuleException:
CalledProcessError in file "/local/scratch/autoafids/autoafids/workflow/rules/stereotaxy.smk", line 54:
Command 'source /local/scratch/autoafids/.pixi/envs/default/bin/activate '/localscratch/.cache/autoafids/conda/7e9941e9acc1503fed10fd844ea3118b_'; set -euo pipefail;  python /local/scratch/autoafids/patient_nnlm_outputs/.snakemake/scripts/tmpyd3otneu.stereotaxy.py' returned non-zero exit status 1.
[Thu Aug  6 12:55:50 2026]
Error in rule stereotaxy:
    message: None
    jobid: 145
    input: sub-P289/ses-preop/afids-cnn/sub-P289_ses-preop_acq-ax_run-01_desc-afidscnn-nnlm_afids.fcsv
    output: sub-P289/ses-preop/stereotaxy/sub-P289_ses-preop_acq-ax_run-01_desc-cZI_native.fcsv, sub-P289/ses-preop/stereotaxy/sub-P289_ses-preop_acq-ax_run-01_desc-cZI_mcp.fcsv, work/sub-P289/ses-preop/ACPCtransforms/sub-P289_ses-preop_acq-ax_run-01_desc-transform_ACPC.txt
    conda-env: /localscratch/.cache/autoafids/conda/7e9941e9acc1503fed10fd844ea3118b_
Removing output files of failed job stereotaxy since they might be corrupted:
work/sub-P289/ses-preop/ACPCtransforms/sub-P289_ses-preop_acq-ax_run-01_desc-transform_ACPC.txt
RuleException:
CalledProcessError in file "/local/scratch/autoafids/autoafids/workflow/rules/stereotaxy.smk", line 54:
Command 'source /local/scratch/autoafids/.pixi/envs/default/bin/activate '/localscratch/.cache/autoafids/conda/7e9941e9acc1503fed10fd844ea3118b_'; set -euo pipefail;  python /local/scratch/autoafids/patient_nnlm_outputs/.snakemake/scripts/tmp8pbiomnz.stereotaxy.py' returned non-zero exit status 1.
[Thu Aug  6 12:55:50 2026]
Error in rule stereotaxy:
    message: None
    jobid: 147
    input: sub-P293/ses-preop/afids-cnn/sub-P293_ses-preop_acq-ax_run-01_desc-afidscnn-nnlm_afids.fcsv
    output: sub-P293/ses-preop/stereotaxy/sub-P293_ses-preop_acq-ax_run-01_desc-cZI_native.fcsv, sub-P293/ses-preop/stereotaxy/sub-P293_ses-preop_acq-ax_run-01_desc-cZI_mcp.fcsv, work/sub-P293/ses-preop/ACPCtransforms/sub-P293_ses-preop_acq-ax_run-01_desc-transform_ACPC.txt
    conda-env: /localscratch/.cache/autoafids/conda/7e9941e9acc1503fed10fd844ea3118b_
Removing output files of failed job stereotaxy since they might be corrupted:
work/sub-P293/ses-preop/ACPCtransforms/sub-P293_ses-preop_acq-ax_run-01_desc-transform_ACPC.txt
Activating conda environment: ../../../../localscratch/.cache/autoafids/conda/7e9941e9acc1503fed10fd844ea3118b_
Activating conda environment: ../../../../localscratch/.cache/autoafids/conda/9b0ebefefdaf8f4c3064162c9af16ee6_
Activating conda environment: ../../../../localscratch/.cache/autoafids/conda/7e9941e9acc1503fed10fd844ea3118b_
Activating conda environment: ../../../../localscratch/.cache/autoafids/conda/7e9941e9acc1503fed10fd844ea3118b_
Activating conda environment: ../../../../localscratch/.cache/autoafids/conda/9b0ebefefdaf8f4c3064162c9af16ee6_
Activating conda environment: ../../../../localscratch/.cache/autoafids/conda/7e9941e9acc1503fed10fd844ea3118b_
[Thu Aug  6 12:55:51 2026]
Finished jobid: 107 (Rule: nnlm_to_fcsv)
7 of 43 steps (16%) done
[Thu Aug  6 12:55:51 2026]
Finished jobid: 42 (Rule: nnlm_to_fcsv)
8 of 43 steps (19%) done
RuleException:
CalledProcessError in file "/local/scratch/autoafids/autoafids/workflow/rules/stereotaxy.smk", line 54:
Command 'source /local/scratch/autoafids/.pixi/envs/default/bin/activate '/localscratch/.cache/autoafids/conda/7e9941e9acc1503fed10fd844ea3118b_'; set -euo pipefail;  python /local/scratch/autoafids/patient_nnlm_outputs/.snakemake/scripts/tmpoisyqpo9.stereotaxy.py' returned non-zero exit status 1.
[Thu Aug  6 12:55:52 2026]
Error in rule stereotaxy:
    message: None
    jobid: 143
    input: sub-P277/ses-preop/afids-cnn/sub-P277_ses-preop_acq-ax_run-01_desc-afidscnn-nnlm_afids.fcsv
    output: sub-P277/ses-preop/stereotaxy/sub-P277_ses-preop_acq-ax_run-01_desc-cZI_native.fcsv, sub-P277/ses-preop/stereotaxy/sub-P277_ses-preop_acq-ax_run-01_desc-cZI_mcp.fcsv, work/sub-P277/ses-preop/ACPCtransforms/sub-P277_ses-preop_acq-ax_run-01_desc-transform_ACPC.txt
    conda-env: /localscratch/.cache/autoafids/conda/7e9941e9acc1503fed10fd844ea3118b_
Removing output files of failed job stereotaxy since they might be corrupted:
work/sub-P277/ses-preop/ACPCtransforms/sub-P277_ses-preop_acq-ax_run-01_desc-transform_ACPC.txt
RuleException:
CalledProcessError in file "/local/scratch/autoafids/autoafids/workflow/rules/stereotaxy.smk", line 54:
Command 'source /local/scratch/autoafids/.pixi/envs/default/bin/activate '/localscratch/.cache/autoafids/conda/7e9941e9acc1503fed10fd844ea3118b_'; set -euo pipefail;  python /local/scratch/autoafids/patient_nnlm_outputs/.snakemake/scripts/tmpwtnfrd0w.stereotaxy.py' returned non-zero exit status 1.
[Thu Aug  6 12:55:52 2026]
Error in rule stereotaxy:
    message: None
    jobid: 141
    input: sub-P221/ses-preop/afids-cnn/sub-P221_ses-preop_acq-ax_run-01_desc-afidscnn-nnlm_afids.fcsv
    output: sub-P221/ses-preop/stereotaxy/sub-P221_ses-preop_acq-ax_run-01_desc-cZI_native.fcsv, sub-P221/ses-preop/stereotaxy/sub-P221_ses-preop_acq-ax_run-01_desc-cZI_mcp.fcsv, work/sub-P221/ses-preop/ACPCtransforms/sub-P221_ses-preop_acq-ax_run-01_desc-transform_ACPC.txt
    conda-env: /localscratch/.cache/autoafids/conda/7e9941e9acc1503fed10fd844ea3118b_
Removing output files of failed job stereotaxy since they might be corrupted:
work/sub-P221/ses-preop/ACPCtransforms/sub-P221_ses-preop_acq-ax_run-01_desc-transform_ACPC.txt
RuleException:
CalledProcessError in file "/local/scratch/autoafids/autoafids/workflow/rules/stereotaxy.smk", line 54:
Command 'source /local/scratch/autoafids/.pixi/envs/default/bin/activate '/localscratch/.cache/autoafids/conda/7e9941e9acc1503fed10fd844ea3118b_'; set -euo pipefail;  python /local/scratch/autoafids/patient_nnlm_outputs/.snakemake/scripts/tmp72vjg117.stereotaxy.py' returned non-zero exit status 1.
[Thu Aug  6 12:55:52 2026]
Error in rule stereotaxy:
    message: None
    jobid: 150
    input: sub-P350/ses-preop/afids-cnn/sub-P350_ses-preop_acq-ax_run-01_desc-afidscnn-nnlm_afids.fcsv
    output: sub-P350/ses-preop/stereotaxy/sub-P350_ses-preop_acq-ax_run-01_desc-cZI_native.fcsv, sub-P350/ses-preop/stereotaxy/sub-P350_ses-preop_acq-ax_run-01_desc-cZI_mcp.fcsv, work/sub-P350/ses-preop/ACPCtransforms/sub-P350_ses-preop_acq-ax_run-01_desc-transform_ACPC.txt
    conda-env: /localscratch/.cache/autoafids/conda/7e9941e9acc1503fed10fd844ea3118b_
Removing output files of failed job stereotaxy since they might be corrupted:
work/sub-P350/ses-preop/ACPCtransforms/sub-P350_ses-preop_acq-ax_run-01_desc-transform_ACPC.txt
RuleException:
CalledProcessError in file "/local/scratch/autoafids/autoafids/workflow/rules/stereotaxy.smk", line 54:
Command 'source /local/scratch/autoafids/.pixi/envs/default/bin/activate '/localscratch/.cache/autoafids/conda/7e9941e9acc1503fed10fd844ea3118b_'; set -euo pipefail;  python /local/scratch/autoafids/patient_nnlm_outputs/.snakemake/scripts/tmp312gh7ab.stereotaxy.py' returned non-zero exit status 1.
[Thu Aug  6 12:55:52 2026]
Error in rule stereotaxy:
    message: None
    jobid: 139
    input: sub-P213/ses-preop/afids-cnn/sub-P213_ses-preop_acq-ax_run-01_desc-afidscnn-nnlm_afids.fcsv
    output: sub-P213/ses-preop/stereotaxy/sub-P213_ses-preop_acq-ax_run-01_desc-cZI_native.fcsv, sub-P213/ses-preop/stereotaxy/sub-P213_ses-preop_acq-ax_run-01_desc-cZI_mcp.fcsv, work/sub-P213/ses-preop/ACPCtransforms/sub-P213_ses-preop_acq-ax_run-01_desc-transform_ACPC.txt
    conda-env: /localscratch/.cache/autoafids/conda/7e9941e9acc1503fed10fd844ea3118b_
Removing output files of failed job stereotaxy since they might be corrupted:
work/sub-P213/ses-preop/ACPCtransforms/sub-P213_ses-preop_acq-ax_run-01_desc-transform_ACPC.txt
Shutting down, this might take some time.
Exiting because a job execution failed. Look below for error messages
[Thu Aug  6 12:55:52 2026]
Error in rule stereotaxy:
    message: None
    jobid: 149
    input: sub-P328/ses-preop/afids-cnn/sub-P328_ses-preop_acq-ax_run-01_desc-afidscnn-nnlm_afids.fcsv
    output: sub-P328/ses-preop/stereotaxy/sub-P328_ses-preop_acq-ax_run-01_desc-cZI_native.fcsv, sub-P328/ses-preop/stereotaxy/sub-P328_ses-preop_acq-ax_run-01_desc-cZI_mcp.fcsv, work/sub-P328/ses-preop/ACPCtransforms/sub-P328_ses-preop_acq-ax_run-01_desc-transform_ACPC.txt
    conda-env: /localscratch/.cache/autoafids/conda/7e9941e9acc1503fed10fd844ea3118b_
[Thu Aug  6 12:55:52 2026]
Error in rule stereotaxy:
    message: None
    jobid: 137
    input: sub-P202/ses-preop/afids-cnn/sub-P202_ses-preop_acq-ax_run-01_desc-afidscnn-nnlm_afids.fcsv
    output: sub-P202/ses-preop/stereotaxy/sub-P202_ses-preop_acq-ax_run-01_desc-cZI_native.fcsv, sub-P202/ses-preop/stereotaxy/sub-P202_ses-preop_acq-ax_run-01_desc-cZI_mcp.fcsv, work/sub-P202/ses-preop/ACPCtransforms/sub-P202_ses-preop_acq-ax_run-01_desc-transform_ACPC.txt
    conda-env: /localscratch/.cache/autoafids/conda/7e9941e9acc1503fed10fd844ea3118b_
[Thu Aug  6 12:55:52 2026]
Error in rule stereotaxy:
    message: None
    jobid: 139
    input: sub-P213/ses-preop/afids-cnn/sub-P213_ses-preop_acq-ax_run-01_desc-afidscnn-nnlm_afids.fcsv
    output: sub-P213/ses-preop/stereotaxy/sub-P213_ses-preop_acq-ax_run-01_desc-cZI_native.fcsv, sub-P213/ses-preop/stereotaxy/sub-P213_ses-preop_acq-ax_run-01_desc-cZI_mcp.fcsv, work/sub-P213/ses-preop/ACPCtransforms/sub-P213_ses-preop_acq-ax_run-01_desc-transform_ACPC.txt
    conda-env: /localscratch/.cache/autoafids/conda/7e9941e9acc1503fed10fd844ea3118b_
[Thu Aug  6 12:55:52 2026]
Error in rule stereotaxy:
    message: None
    jobid: 157
    input: sub-P374/ses-preop/afids-cnn/sub-P374_ses-preop_acq-ax_run-01_desc-afidscnn-nnlm_afids.fcsv
    output: sub-P374/ses-preop/stereotaxy/sub-P374_ses-preop_acq-ax_run-01_desc-cZI_native.fcsv, sub-P374/ses-preop/stereotaxy/sub-P374_ses-preop_acq-ax_run-01_desc-cZI_mcp.fcsv, work/sub-P374/ses-preop/ACPCtransforms/sub-P374_ses-preop_acq-ax_run-01_desc-transform_ACPC.txt
    conda-env: /localscratch/.cache/autoafids/conda/7e9941e9acc1503fed10fd844ea3118b_
[Thu Aug  6 12:55:52 2026]
Error in rule stereotaxy:
    message: None
    jobid: 141
    input: sub-P221/ses-preop/afids-cnn/sub-P221_ses-preop_acq-ax_run-01_desc-afidscnn-nnlm_afids.fcsv
    output: sub-P221/ses-preop/stereotaxy/sub-P221_ses-preop_acq-ax_run-01_desc-cZI_native.fcsv, sub-P221/ses-preop/stereotaxy/sub-P221_ses-preop_acq-ax_run-01_desc-cZI_mcp.fcsv, work/sub-P221/ses-preop/ACPCtransforms/sub-P221_ses-preop_acq-ax_run-01_desc-transform_ACPC.txt
    conda-env: /localscratch/.cache/autoafids/conda/7e9941e9acc1503fed10fd844ea3118b_
[Thu Aug  6 12:55:52 2026]
Error in rule stereotaxy:
    message: None
    jobid: 150
    input: sub-P350/ses-preop/afids-cnn/sub-P350_ses-preop_acq-ax_run-01_desc-afidscnn-nnlm_afids.fcsv
    output: sub-P350/ses-preop/stereotaxy/sub-P350_ses-preop_acq-ax_run-01_desc-cZI_native.fcsv, sub-P350/ses-preop/stereotaxy/sub-P350_ses-preop_acq-ax_run-01_desc-cZI_mcp.fcsv, work/sub-P350/ses-preop/ACPCtransforms/sub-P350_ses-preop_acq-ax_run-01_desc-transform_ACPC.txt
    conda-env: /localscratch/.cache/autoafids/conda/7e9941e9acc1503fed10fd844ea3118b_
[Thu Aug  6 12:55:52 2026]
Error in rule stereotaxy:
    message: None
    jobid: 143
    input: sub-P277/ses-preop/afids-cnn/sub-P277_ses-preop_acq-ax_run-01_desc-afidscnn-nnlm_afids.fcsv
    output: sub-P277/ses-preop/stereotaxy/sub-P277_ses-preop_acq-ax_run-01_desc-cZI_native.fcsv, sub-P277/ses-preop/stereotaxy/sub-P277_ses-preop_acq-ax_run-01_desc-cZI_mcp.fcsv, work/sub-P277/ses-preop/ACPCtransforms/sub-P277_ses-preop_acq-ax_run-01_desc-transform_ACPC.txt
    conda-env: /localscratch/.cache/autoafids/conda/7e9941e9acc1503fed10fd844ea3118b_
[Thu Aug  6 12:55:52 2026]
Error in rule stereotaxy:
    message: None
    jobid: 145
    input: sub-P289/ses-preop/afids-cnn/sub-P289_ses-preop_acq-ax_run-01_desc-afidscnn-nnlm_afids.fcsv
    output: sub-P289/ses-preop/stereotaxy/sub-P289_ses-preop_acq-ax_run-01_desc-cZI_native.fcsv, sub-P289/ses-preop/stereotaxy/sub-P289_ses-preop_acq-ax_run-01_desc-cZI_mcp.fcsv, work/sub-P289/ses-preop/ACPCtransforms/sub-P289_ses-preop_acq-ax_run-01_desc-transform_ACPC.txt
    conda-env: /localscratch/.cache/autoafids/conda/7e9941e9acc1503fed10fd844ea3118b_
[Thu Aug  6 12:55:52 2026]
Error in rule stereotaxy:
    message: None
    jobid: 154
    input: sub-P359/ses-preop/afids-cnn/sub-P359_ses-preop_acq-ax_run-01_desc-afidscnn-nnlm_afids.fcsv
    output: sub-P359/ses-preop/stereotaxy/sub-P359_ses-preop_acq-ax_run-01_desc-cZI_native.fcsv, sub-P359/ses-preop/stereotaxy/sub-P359_ses-preop_acq-ax_run-01_desc-cZI_mcp.fcsv, work/sub-P359/ses-preop/ACPCtransforms/sub-P359_ses-preop_acq-ax_run-01_desc-transform_ACPC.txt
    conda-env: /localscratch/.cache/autoafids/conda/7e9941e9acc1503fed10fd844ea3118b_
[Thu Aug  6 12:55:52 2026]
Error in rule stereotaxy:
    message: None
    jobid: 147
    input: sub-P293/ses-preop/afids-cnn/sub-P293_ses-preop_acq-ax_run-01_desc-afidscnn-nnlm_afids.fcsv
    output: sub-P293/ses-preop/stereotaxy/sub-P293_ses-preop_acq-ax_run-01_desc-cZI_native.fcsv, sub-P293/ses-preop/stereotaxy/sub-P293_ses-preop_acq-ax_run-01_desc-cZI_mcp.fcsv, work/sub-P293/ses-preop/ACPCtransforms/sub-P293_ses-preop_acq-ax_run-01_desc-transform_ACPC.txt
    conda-env: /localscratch/.cache/autoafids/conda/7e9941e9acc1503fed10fd844ea3118b_
Complete log(s): /local/scratch/autoafids/patient_nnlm_outputs/.snakemake/log/2026-08-06T125546.083454.snakemake.log
WorkflowError:
At least one job did not complete successfully.
