Assuming unrestricted shared filesystem usage.
None
host: UWO-CBS-Heavy11
Building DAG of jobs...
Your conda installation is not configured to use strict channel priorities. This is however important for having robust and correct environments (for details, see https://conda-forge.org/docs/user/tipsandtricks.html). Please consider to configure strict priorities by executing 'conda config --set channel_priority strict'.
Using shell: /usr/bin/bash
Provided cores: 2
Rules claiming more threads will be scaled down.
Job stats:
job                   count
------------------  -------
all                       1
n4_bias_correction        1
nnlm_to_fcsv              1
norm_im                   1
resample_im               1
run_nnlm                  1
stereotaxy                1
total                     7

Select jobs to execute...
Execute 1 jobs...
[Fri Aug  7 11:29:21 2026]
localrule n4_bias_correction:
    input: /local/scratch/rawdata/sub-P165/ses-preop/anat/sub-P165_ses-preop_acq-ax_run-01_T1w.nii.gz
    output: work/sub-P165/ses-preop/n4biascorr/sub-P165_ses-preop_acq-ax_run-01_desc-n4corrected_T1w.nii.gz
    jobid: 5
    reason: Missing output files: work/sub-P165/ses-preop/n4biascorr/sub-P165_ses-preop_acq-ax_run-01_desc-n4corrected_T1w.nii.gz
    wildcards: subject=P165, session=preop, acq=ax, run=01
    resources: tmpdir=/localscratch/tmp
Activating conda environment: ../../../../localscratch/.cache/autoafids/conda/e8ff564ca4e208014aa4e977742ac559_
Activating conda environment: ../../../../localscratch/.cache/autoafids/conda/e8ff564ca4e208014aa4e977742ac559_
[Fri Aug  7 11:29:43 2026]
Finished jobid: 5 (Rule: n4_bias_correction)
1 of 7 steps (14%) done
Select jobs to execute...
Execute 1 jobs...
[Fri Aug  7 11:29:43 2026]
localrule norm_im:
    input: work/sub-P165/ses-preop/n4biascorr/sub-P165_ses-preop_acq-ax_run-01_desc-n4corrected_T1w.nii.gz
    output: work/sub-P165/ses-preop/normalize/sub-P165_ses-preop_acq-ax_run-01_desc-zscore_T1w.nii.gz
    jobid: 4
    reason: Missing output files: work/sub-P165/ses-preop/normalize/sub-P165_ses-preop_acq-ax_run-01_desc-zscore_T1w.nii.gz; Input files updated by another job: work/sub-P165/ses-preop/n4biascorr/sub-P165_ses-preop_acq-ax_run-01_desc-n4corrected_T1w.nii.gz
    wildcards: subject=P165, session=preop, acq=ax, run=01
    resources: tmpdir=/localscratch/tmp
Activating conda environment: ../../../../localscratch/.cache/autoafids/conda/9b0ebefefdaf8f4c3064162c9af16ee6_
Activating conda environment: ../../../../localscratch/.cache/autoafids/conda/9b0ebefefdaf8f4c3064162c9af16ee6_
[Fri Aug  7 11:29:46 2026]
Finished jobid: 4 (Rule: norm_im)
2 of 7 steps (29%) done
Select jobs to execute...
Execute 1 jobs...
[Fri Aug  7 11:29:46 2026]
localrule resample_im:
    input: work/sub-P165/ses-preop/normalize/sub-P165_ses-preop_acq-ax_run-01_desc-zscore_T1w.nii.gz
    output: work/sub-P165/ses-preop/resample/sub-P165_ses-preop_acq-ax_run-01_res-100_desc-zscore_T1w.nii.gz
    jobid: 3
    reason: Missing output files: work/sub-P165/ses-preop/resample/sub-P165_ses-preop_acq-ax_run-01_res-100_desc-zscore_T1w.nii.gz; Input files updated by another job: work/sub-P165/ses-preop/normalize/sub-P165_ses-preop_acq-ax_run-01_desc-zscore_T1w.nii.gz
    wildcards: subject=P165, session=preop, acq=ax, run=01
    resources: tmpdir=/localscratch/tmp
Activating conda environment: ../../../../localscratch/.cache/autoafids/conda/fd9ea35b16c4e2c41feeb821ac0ad38d_
Activating conda environment: ../../../../localscratch/.cache/autoafids/conda/fd9ea35b16c4e2c41feeb821ac0ad38d_
[Fri Aug  7 11:29:57 2026]
Finished jobid: 3 (Rule: resample_im)
3 of 7 steps (43%) done
Select jobs to execute...
Execute 1 jobs...
[Fri Aug  7 11:29:57 2026]
localrule run_nnlm:
    input: work/sub-P165/ses-preop/resample/sub-P165_ses-preop_acq-ax_run-01_res-100_desc-zscore_T1w.nii.gz, /localscratch/.cache/autoafids/models/nnlm
    output: work/sub-P165/ses-preop/afids-nnlm/sub-P165_ses-preop_acq-ax_run-01_dseg.nii.gz, work/sub-P165/ses-preop/afids-nnlm/sub-P165_ses-preop_acq-ax_run-01_coords.json
    log: logs/sub-P165/ses-preop/sub-P165_ses-preop_acq-ax_run-01_nnlm.log
    jobid: 2
    reason: Missing output files: work/sub-P165/ses-preop/afids-nnlm/sub-P165_ses-preop_acq-ax_run-01_coords.json; Input files updated by another job: work/sub-P165/ses-preop/resample/sub-P165_ses-preop_acq-ax_run-01_res-100_desc-zscore_T1w.nii.gz
    wildcards: subject=P165, session=preop, acq=ax, run=01
    threads: 2
    resources: tmpdir=/localscratch/tmp, gpus=0, mem_mb=16000, mem_mib=15259
Activating conda environment: ../../../../localscratch/.cache/autoafids/conda/6ee0e8c060cc6e84267c0f99faf11702_
[Fri Aug  7 11:33:02 2026]
Finished jobid: 2 (Rule: run_nnlm)
4 of 7 steps (57%) done
Select jobs to execute...
Execute 1 jobs...
[Fri Aug  7 11:33:02 2026]
localrule nnlm_to_fcsv:
    input: work/sub-P165/ses-preop/afids-nnlm/sub-P165_ses-preop_acq-ax_run-01_coords.json, work/sub-P165/ses-preop/resample/sub-P165_ses-preop_acq-ax_run-01_res-100_desc-zscore_T1w.nii.gz
    output: sub-P165/ses-preop/afids-cnn/sub-P165_ses-preop_acq-ax_run-01_desc-afidscnn-nnlm_afids.fcsv
    jobid: 1
    reason: Missing output files: sub-P165/ses-preop/afids-cnn/sub-P165_ses-preop_acq-ax_run-01_desc-afidscnn-nnlm_afids.fcsv; Input files updated by another job: work/sub-P165/ses-preop/afids-nnlm/sub-P165_ses-preop_acq-ax_run-01_coords.json, work/sub-P165/ses-preop/resample/sub-P165_ses-preop_acq-ax_run-01_res-100_desc-zscore_T1w.nii.gz
    wildcards: subject=P165, session=preop, acq=ax, run=01
    resources: tmpdir=/localscratch/tmp
Activating conda environment: ../../../../localscratch/.cache/autoafids/conda/9b0ebefefdaf8f4c3064162c9af16ee6_
Activating conda environment: ../../../../localscratch/.cache/autoafids/conda/9b0ebefefdaf8f4c3064162c9af16ee6_
[Fri Aug  7 11:33:03 2026]
Finished jobid: 1 (Rule: nnlm_to_fcsv)
5 of 7 steps (71%) done
Select jobs to execute...
Execute 1 jobs...
[Fri Aug  7 11:33:03 2026]
localrule stereotaxy:
    input: sub-P165/ses-preop/afids-cnn/sub-P165_ses-preop_acq-ax_run-01_desc-afidscnn-nnlm_afids.fcsv
    output: sub-P165/ses-preop/stereotaxy/sub-P165_ses-preop_acq-ax_run-01_desc-cZI_native.fcsv, sub-P165/ses-preop/stereotaxy/sub-P165_ses-preop_acq-ax_run-01_desc-cZI_mcp.fcsv, work/sub-P165/ses-preop/ACPCtransforms/sub-P165_ses-preop_acq-ax_run-01_desc-transform_ACPC.txt
    jobid: 7
    reason: Missing output files: sub-P165/ses-preop/stereotaxy/sub-P165_ses-preop_acq-ax_run-01_desc-cZI_native.fcsv; Input files updated by another job: sub-P165/ses-preop/afids-cnn/sub-P165_ses-preop_acq-ax_run-01_desc-afidscnn-nnlm_afids.fcsv
    wildcards: subject=P165, session=preop, acq=ax, run=01
    resources: tmpdir=/localscratch/tmp
Activating conda environment: ../../../../localscratch/.cache/autoafids/conda/7e9941e9acc1503fed10fd844ea3118b_
Activating conda environment: ../../../../localscratch/.cache/autoafids/conda/7e9941e9acc1503fed10fd844ea3118b_
[Fri Aug  7 11:33:05 2026]
Finished jobid: 7 (Rule: stereotaxy)
6 of 7 steps (86%) done
Select jobs to execute...
Execute 1 jobs...
[Fri Aug  7 11:33:05 2026]
localrule all:
    input: sub-P165/ses-preop/afids-cnn/sub-P165_ses-preop_acq-ax_run-01_desc-afidscnn-nnlm_afids.fcsv, sub-P165/ses-preop/stereotaxy/sub-P165_ses-preop_acq-ax_run-01_desc-cZI_native.fcsv
    jobid: 0
    reason: Input files updated by another job: sub-P165/ses-preop/afids-cnn/sub-P165_ses-preop_acq-ax_run-01_desc-afidscnn-nnlm_afids.fcsv, sub-P165/ses-preop/stereotaxy/sub-P165_ses-preop_acq-ax_run-01_desc-cZI_native.fcsv
    resources: tmpdir=/localscratch/tmp
[Fri Aug  7 11:33:05 2026]
Finished jobid: 0 (Rule: all)
7 of 7 steps (100%) done
Complete log(s): /local/scratch/autoafids/patient_nnlm_output_v3/.snakemake/log/2026-08-07T112919.415113.snakemake.log
